
> organic-garlic-premium@0.1.0 build
> next build

Γû▓ Next.js 16.2.12 (Turbopack)

  Creating an optimized production build ...
Γ£ô Compiled successfully in 32.6s
  Running TypeScript ...
  Finished TypeScript in 28.2s ...
  Collecting page data using 3 workers ...
  Generating static pages using 3 workers (0/19) ...
  Generating static pages using 3 workers (4/19) 
node.exe : ΓÜá metadataBase property in metadata export is not set for resolving social open graph or twitter images, 
using "http://localhost:3000". See https://nextjs.org/docs/app/api-reference/functions/generate-metadata#metadatabase
At line:1 char:1
+ & "C:\Program Files\nodejs/node.exe" "C:\Program Files\nodejs/node_mo ...
+ ~~~~~~~~~~~~~~~~~~~~~~~~~~~~~~~~~~~~~~~~~~~~~~~~~~~~~~~~~~~~~~~~~~~~~
    + CategoryInfo          : NotSpecified: (ΓÜá metadataBas...ta#metadatabase:String) [], RemoteException
    + FullyQualifiedErrorId : NativeCommandError
 
  Generating static pages using 3 workers (9/19) 
  Generating static pages using 3 workers (14/19) 
Γ£ô Generating static pages using 3 workers (19/19) in 527ms
  Finalizing page optimization ...

Route (app)
Γöî Γùï /
Γö£ Γùï /_not-found
Γö£ Γùï /about
Γö£ Γùï /admin
Γö£ ╞Æ /api/coupons
Γö£ ╞Æ /api/newsletter
Γö£ ╞Æ /api/orders
Γö£ ╞Æ /api/payments/create-order
Γö£ ╞Æ /api/payments/verify
Γö£ ╞Æ /api/products
Γö£ ╞Æ /api/products/[id]
Γö£ ╞Æ /api/reviews
Γö£ Γùï /cart
Γö£ Γùï /checkout
Γö£ Γùï /products
Γö£ ╞Æ /products/[id]
Γö£ Γùï /robots.txt
Γö£ Γùï /sitemap.xml
Γöö Γùï /story


Γùï  (Static)   prerendered as static content
╞Æ  (Dynamic)  server-rendered on demand

